// Jest Snapshot v1, https://goo.gl/fbAQLP

exports[`Render Review 1`] = `
<li
  className="reviews__item"
>
  <div
    className="reviews__user user"
  >
    <div
      className="reviews__avatar-wrapper user__avatar-wrapper reviews__avatar-wrapper--pro"
    >
      <img
        alt="Reviews avatar"
        className="reviews__avatar user__avatar"
        height="54"
        src="https://api.adorable.io/avatars/128"
        width="54"
      />
    </div>
    <span
      className="reviews__user-name"
    >
      Angelina
    </span>
  </div>
  <div
    className="reviews__info"
  >
    <div
      className="reviews__rating rating"
    >
      <div
        className="reviews__stars rating__stars"
      >
        <span
          style={
            Object {
              "width": "80%",
            }
          }
        />
        <span
          className="visually-hidden"
        >
          Rating
        </span>
      </div>
    </div>
    <p
      className="reviews__text"
    >
      Lorem ipsum dolor sit amet, consectetur adipiscing elit, sed do eiusmod tempor incididunt ut labore et dolore magna aliqua.
    </p>
    <time
      className="reviews__time"
      dateTime="2020-10-5"
    >
       
      November 2020
    </time>
  </div>
</li>
`;
